// Jest Snapshot v1, https://goo.gl/fbAQLP

exports[`Catalog component renders correctly 1`] = `
<section
  className="catalog"
>
  <h2
    className="catalog__title visually-hidden"
  >
    Catalog
  </h2>
  <div
    className="catalog__movies-list"
  >
    <article
      className="small-movie-card catalog__movies-card"
      onMouseEnter={[Function]}
      onMouseLeave={[Function]}
    >
      <div
        className="small-movie-card__image"
      >
        <img
          alt="Соединённые Штаты против Билли Холидей"
          src="https://kinopoiskapiunofficial.tech/images/posters/kp/1302121.jpg"
        />
      </div>
      <h3
        className="small-movie-card__title"
      >
        <a
          className="small-movie-card__link"
          href="#/film/1302121"
          onClick={[Function]}
        >
          Соединённые Штаты против Билли Холидей
        </a>
      </h3>
    </article>
    <article
      className="small-movie-card catalog__movies-card"
      onMouseEnter={[Function]}
      onMouseLeave={[Function]}
    >
      <div
        className="small-movie-card__image"
      >
        <img
          alt="Неуязвимый (сериал)"
          src="https://kinopoiskapiunofficial.tech/images/posters/kp/1171895.jpg"
        />
      </div>
      <h3
        className="small-movie-card__title"
      >
        <a
          className="small-movie-card__link"
          href="#/film/1171895"
          onClick={[Function]}
        >
          Неуязвимый (сериал)
        </a>
      </h3>
    </article>
    <article
      className="small-movie-card catalog__movies-card"
      onMouseEnter={[Function]}
      onMouseLeave={[Function]}
    >
      <div
        className="small-movie-card__image"
      >
        <img
          alt="Невероятные (сериал)"
          src="https://kinopoiskapiunofficial.tech/images/posters/kp/1245486.jpg"
        />
      </div>
      <h3
        className="small-movie-card__title"
      >
        <a
          className="small-movie-card__link"
          href="#/film/1245486"
          onClick={[Function]}
        >
          Невероятные (сериал)
        </a>
      </h3>
    </article>
    <article
      className="small-movie-card catalog__movies-card"
      onMouseEnter={[Function]}
      onMouseLeave={[Function]}
    >
      <div
        className="small-movie-card__image"
      >
        <img
          alt="Райя и последний дракон"
          src="https://kinopoiskapiunofficial.tech/images/posters/kp/1015471.jpg"
        />
      </div>
      <h3
        className="small-movie-card__title"
      >
        <a
          className="small-movie-card__link"
          href="#/film/1015471"
          onClick={[Function]}
        >
          Райя и последний дракон
        </a>
      </h3>
    </article>
    <article
      className="small-movie-card catalog__movies-card"
      onMouseEnter={[Function]}
      onMouseLeave={[Function]}
    >
      <div
        className="small-movie-card__image"
      >
        <img
          alt="Бесстыжие (сериал)"
          src="https://kinopoiskapiunofficial.tech/images/posters/kp/571335.jpg"
        />
      </div>
      <h3
        className="small-movie-card__title"
      >
        <a
          className="small-movie-card__link"
          href="#/film/571335"
          onClick={[Function]}
        >
          Бесстыжие (сериал)
        </a>
      </h3>
    </article>
    <article
      className="small-movie-card catalog__movies-card"
      onMouseEnter={[Function]}
      onMouseLeave={[Function]}
    >
      <div
        className="small-movie-card__image"
      >
        <img
          alt="Happy End (сериал)"
          src="https://kinopoiskapiunofficial.tech/images/posters/kp/1328036.jpg"
        />
      </div>
      <h3
        className="small-movie-card__title"
      >
        <a
          className="small-movie-card__link"
          href="#/film/1328036"
          onClick={[Function]}
        >
          Happy End (сериал)
        </a>
      </h3>
    </article>
    <article
      className="small-movie-card catalog__movies-card"
      onMouseEnter={[Function]}
      onMouseLeave={[Function]}
    >
      <div
        className="small-movie-card__image"
      >
        <img
          alt="Конёк-Горбунок"
          src="https://kinopoiskapiunofficial.tech/images/posters/kp/1045583.jpg"
        />
      </div>
      <h3
        className="small-movie-card__title"
      >
        <a
          className="small-movie-card__link"
          href="#/film/1045583"
          onClick={[Function]}
        >
          Конёк-Горбунок
        </a>
      </h3>
    </article>
    <article
      className="small-movie-card catalog__movies-card"
      onMouseEnter={[Function]}
      onMouseLeave={[Function]}
    >
      <div
        className="small-movie-card__image"
      >
        <img
          alt="Родные"
          src="https://kinopoiskapiunofficial.tech/images/posters/kp/1274271.jpg"
        />
      </div>
      <h3
        className="small-movie-card__title"
      >
        <a
          className="small-movie-card__link"
          href="#/film/1274271"
          onClick={[Function]}
        >
          Родные
        </a>
      </h3>
    </article>
  </div>
  <div
    className="catalog__more"
  >
    <button
      className="catalog__button"
      onClick={[Function]}
      type="button"
    >
      Больше
    </button>
  </div>
</section>
`;
