// Jest Snapshot v1, https://goo.gl/fbAQLP

exports[`Details component renders correctly 1`] = `
<div
  className="movie-card__text movie-card__row"
>
  <div
    className="movie-card__text-col"
  >
    <p
      className="movie-card__details-item"
    >
      <strong
        className="movie-card__details-name"
      >
        Режиссер
      </strong>
      <span
        className="movie-card__details-value"
      >
        Ли Дэниелс
      </span>
    </p>
    <p
      className="movie-card__details-item"
    >
      <strong
        className="movie-card__details-name"
      >
        В ролях
      </strong>
      <span
        className="movie-card__details-value"
      >
        Андра Дэй, 
        Гаррет Хедлунд 
      </span>
    </p>
  </div>
  <div
    className="movie-card__text-col"
  >
    <p
      className="movie-card__details-item"
    >
      <strong
        className="movie-card__details-name"
      >
        Длительность
      </strong>
      <span
        className="movie-card__details-value"
      >
        2:10
      </span>
    </p>
    <p
      className="movie-card__details-item"
    >
      <strong
        className="movie-card__details-name"
      >
        Жанр
      </strong>
      <span
        className="movie-card__details-value"
      >
        драма, 
      </span>
      <span
        className="movie-card__details-value"
      >
        биография, 
      </span>
      <span
        className="movie-card__details-value"
      >
        музыка
      </span>
    </p>
    <p
      className="movie-card__details-item"
    >
      <strong
        className="movie-card__details-name"
      >
        Выход в прокат
      </strong>
      <span
        className="movie-card__details-value"
      >
        2021
      </span>
    </p>
  </div>
</div>
`;
