// Jest Snapshot v1, https://goo.gl/fbAQLP

exports[`UserPageTitle component renders correctly 1`] = `
<h1
  className="page-title user-page__title"
>
  Some text
</h1>
`;
