// Jest Snapshot v1, https://goo.gl/fbAQLP

exports[`MovieCardButton component renders correctly 1`] = `
<button
  className="btn btn--play movie-card__button"
  onClick={[Function]}
  type="button"
>
  <svg
    height="20"
    viewBox="0 0 19 20"
    width="19"
  >
    <use
      xlinkHref="play"
    />
  </svg>
  <span>
    Add
  </span>
</button>
`;
