// Jest Snapshot v1, https://goo.gl/fbAQLP

exports[`UserBlock component default props renders correctly 1`] = `
<div
  className="user-block"
>
  <a
    className="user-block__link"
    href="#/login"
    onClick={[Function]}
  >
    Вход
  </a>
</div>
`;
