// Jest Snapshot v1, https://goo.gl/fbAQLP

exports[`MovieCard component renders correctly 1`] = `
<section
  className="movie-card"
>
  <div
    className="movie-card__bg"
  >
    <img
      alt="Соединённые Штаты против Билли Холидей"
      src="https://kinopoiskapiunofficial.tech/images/posters/kp/1302121.jpg"
    />
  </div>
  <h1
    className="visually-hidden"
  >
    WTW
  </h1>
  <header
    className="page-header movie-card__head"
  >
    <div
      className="logo"
    >
      <a
        className="logo__link "
        href="#/"
        onClick={[Function]}
      >
        <span
          className="logo__letter logo__letter--1"
        >
          W
        </span>
        <span
          className="logo__letter logo__letter--2"
        >
          T
        </span>
        <span
          className="logo__letter logo__letter--3"
        >
          W
        </span>
      </a>
    </div>
    <div
      className="user-block"
    >
      <a
        className="user-block__link"
        href="#/login"
        onClick={[Function]}
      >
        Вход
      </a>
    </div>
  </header>
  <div
    className="movie-card__wrap"
  >
    <div
      className="movie-card__info"
    >
      <div
        className="movie-card__poster"
      >
        <img
          alt="Соединённые Штаты против Билли Холидей"
          height="327"
          src="https://kinopoiskapiunofficial.tech/images/posters/kp/1302121.jpg"
          width="218"
        />
      </div>
      <div
        className="movie-card__desc"
      >
        <h2
          className="movie-card__title"
        >
          Соединённые Штаты против Билли Холидей
        </h2>
        <p
          className="movie-card__meta"
        >
          <span
            className="movie-card__genre"
          >
            драма
          </span>
          <span
            className="movie-card__genre"
          >
            биография
          </span>
          <span
            className="movie-card__genre"
          >
            музыка
          </span>
          <span
            className="movie-card__year"
          >
            2021
          </span>
        </p>
        <div
          className="movie-card__buttons"
        >
          <button
            className="btn btn--play movie-card__button"
            onClick={[Function]}
            type="button"
          >
            <svg
              height="20"
              viewBox="0 0 19 20"
              width="19"
            >
              <use
                xlinkHref="#play-s"
              />
            </svg>
            <span>
              Смотреть
            </span>
          </button>
          <button
            className="btn btn--list movie-card__button"
            onClick={[Function]}
            type="button"
          >
            <svg
              height="20"
              viewBox="0 0 19 20"
              width="19"
            >
              <use
                xlinkHref="#add"
              />
            </svg>
            <span>
              Сохранить
            </span>
          </button>
        </div>
      </div>
    </div>
  </div>
</section>
`;
