// Jest Snapshot v1, https://goo.gl/fbAQLP

exports[`Input component renders correctly 1`] = `
<input
  id="user-pass"
  name="user-password"
  placeholder="Пароль"
  type="password"
/>
`;
