// Jest Snapshot v1, https://goo.gl/fbAQLP

exports[`OverView component renders correctly 1`] = `
Array [
  <div
    className="movie-rating"
  >
    <div
      className="movie-rating__score"
    >
      5.8
    </div>
    <p
      className="movie-rating__meta"
    >
      <span
        className="movie-rating__level"
      >
        Хорошо
      </span>
      <span
        className="movie-rating__count"
      >
        586
         голосов
      </span>
    </p>
  </div>,
  <div
    className="movie-card__text"
  >
    <p>
      В 1940-х правительство США начинает войну против наркотиков. Ведомые предубеждениями против цветного населения чиновники выбирают своей целью популярную певицу Билли Холидей.
    </p>
    <p
      className="movie-card__director"
    >
      <strong>
        Режиссер: 
        Ли Дэниелс
      </strong>
    </p>
    <p
      className="movie-card__starring"
    >
      <strong>
        В ролях: 
        Андра Дэй, 
        Гаррет Хедлунд и другие
      </strong>
    </p>
  </div>,
]
`;
